Using pre-set license
Built from 'tuanjie/1.8/staging' branch; Version is '2022.3.62t2 (24637c95313f) revision 2384764'; Using compiler version '192829333'; Build Type 'Release'
OS: 'Windows 11  (10.0.26200) 64bit CoreCountrySpecific' Language: 'zh' Physical Memory: 22389 MB
BatchMode: 1, IsHumanControllingUs: 0, StartBugReporterOnCrash: 0, Is64bit: 1, IsPro: 1

COMMAND LINE ARGUMENTS:
C:\Program Files\Tuanjie\Hub\Editor\2022.3.62t2\Editor\Tuanjie.exe
-adb2
-batchMode
-noUpm
-disableFMOD
-name
AssetImportWorker2
-projectPath
D:/unity项目/mmorpg - 副本/Src/Client
-logFile
Logs/AssetImportWorker2.log
-srvPort
52643
Successfully changed project path to: D:/unity项目/mmorpg - 副本/Src/Client
D:/unity项目/mmorpg - 副本/Src/Client
[Memory] Configuration Parameters - Can be set up in boot.config
    "memorysetup-bucket-allocator-granularity=16"
    "memorysetup-bucket-allocator-bucket-count=8"
    "memorysetup-bucket-allocator-block-size=33554432"
    "memorysetup-bucket-allocator-block-count=8"
    "memorysetup-main-allocator-block-size=16777216"
    "memorysetup-thread-allocator-block-size=16777216"
    "memorysetup-gfx-main-allocator-block-size=16777216"
    "memorysetup-gfx-thread-allocator-block-size=16777216"
    "memorysetup-cache-allocator-block-size=4194304"
    "memorysetup-typetree-allocator-block-size=2097152"
    "memorysetup-profiler-bucket-allocator-granularity=16"
    "memorysetup-profiler-bucket-allocator-bucket-count=8"
    "memorysetup-profiler-bucket-allocator-block-size=33554432"
    "memorysetup-profiler-bucket-allocator-block-count=8"
    "memorysetup-profiler-allocator-block-size=16777216"
    "memorysetup-profiler-editor-allocator-block-size=1048576"
    "memorysetup-temp-allocator-size-main=16777216"
    "memorysetup-job-temp-allocator-block-size=2097152"
    "memorysetup-job-temp-allocator-block-size-background=1048576"
    "memorysetup-job-temp-allocator-reduction-small-platforms=262144"
    "memorysetup-allocator-temp-initial-block-size-main=262144"
    "memorysetup-allocator-temp-initial-block-size-worker=262144"
    "memorysetup-temp-allocator-size-background-worker=32768"
    "memorysetup-temp-allocator-size-job-worker=262144"
    "memorysetup-temp-allocator-size-preload-manager=33554432"
    "memorysetup-temp-allocator-size-nav-mesh-worker=65536"
    "memorysetup-temp-allocator-size-audio-worker=65536"
    "memorysetup-temp-allocator-size-cloud-worker=32768"
    "memorysetup-temp-allocator-size-gi-baking-worker=262144"
    "memorysetup-temp-allocator-size-gfx=262144"
Player connection [18800]  Target information:

Player connection [18800]  * "[IP] 192.168.10.19 [Port] 0 [Flags] 2 [Guid] 3915765421 [EditorId] 3915765421 [Version] 1048832 [Id] WindowsEditor(7,carrier) [Debug] 1 [PackageName] WindowsEditor [ProjectName] Editor" 

Player connection [18800] Host joined multi-casting on [225.0.0.222:54997]...
Player connection [18800] Host joined alternative multi-casting on [225.0.0.222:34997]...
Input System module state changed to: Initialized.
AS: AutoStreaming module initializing.
[LiveLink] LiveLink library is loaded successfully. Initializing...
InitScreenManager.Refreshing native plugins compatible for Editor in 29.47 ms, found 2 plugins.
Preloading 0 native plugins for Editor in 0.00 ms.
Initialize engine version: 2022.3.62t2 (24637c95313f)
[Subsystems] Discovering subsystems at path C:/Program Files/Tuanjie/Hub/Editor/2022.3.62t2/Editor/Data/Resources/UnitySubsystems
[Subsystems] Discovering subsystems at path D:/unity项目/mmorpg - 副本/Src/Client/Assets
GfxDevice: creating device client; threaded=0; jobified=0
Direct3D:
    Version:  Direct3D 11.0 [level 11.1]
    Renderer: AMD Radeon(TM) Graphics (ID=0x164c)
    Vendor:   ATI
    VRAM:     11194 MB
    Driver:   31.0.21912.3005
Initialize mono
Mono path[0] = 'C:/Program Files/Tuanjie/Hub/Editor/2022.3.62t2/Editor/Data/Managed'
Mono path[1] = 'C:/Program Files/Tuanjie/Hub/Editor/2022.3.62t2/Editor/Data/MonoBleedingEdge/lib/mono/unityjit-win32'
Mono config path = 'C:/Program Files/Tuanjie/Hub/Editor/2022.3.62t2/Editor/Data/MonoBleedingEdge/etc'
Using monoOptions --debugger-agent=transport=dt_socket,embedding=1,server=y,suspend=n,address=0.0.0.0:56588
Begin MonoManager ReloadAssembly
Registering precompiled tuanjie dll's ...
Register platform support module: C:/Program Files/Tuanjie/Hub/Editor/2022.3.62t2/Editor/Data/PlaybackEngines/WeixinMiniGameSupport/UnityEditor.WeixinMiniGame.Extensions.dll
Register platform support module: C:/Program Files/Tuanjie/Hub/Editor/2022.3.62t2/Editor/Data/PlaybackEngines/iOSSupport/UnityEditor.iOS.Extensions.dll
Register platform support module: C:/Program Files/Tuanjie/Hub/Editor/2022.3.62t2/Editor/Data/PlaybackEngines/WindowsStandaloneSupport/UnityEditor.WindowsStandalone.Extensions.dll
Registered in 0.075979 seconds.
- Loaded All Assemblies, in  0.776 seconds
Native extension for WindowsStandalone target not found
[usbmuxd] Start listen thread
[usbmuxd] Listen thread started
Native extension for iOS target not found
Native extension for WeixinMiniGame target not found
Mono: successfully reloaded assembly
- Finished resetting the current domain, in  0.334 seconds
Domain Reload Profiling: 1096ms
	BeginReloadAssembly (306ms)
		ExecutionOrderSort (0ms)
		DisableScriptedObjects (0ms)
		BackupInstance (0ms)
		ReleaseScriptingObjects (0ms)
		CreateAndSetChildDomain (1ms)
	RebuildCommonClasses (50ms)
	RebuildNativeTypeToScriptingClass (15ms)
	initialDomainReloadingComplete (180ms)
	LoadAllAssembliesAndSetupDomain (211ms)
		LoadAssemblies (291ms)
		RebuildTransferFunctionScriptingTraits (0ms)
		AnalyzeDomain (204ms)
			TypeCache.Refresh (203ms)
				TypeCache.ScanAssembly (184ms)
			ScanForSourceGeneratedMonoScriptInfo (0ms)
			ResolveRequiredComponents (0ms)
	FinalizeReload (335ms)
		ReleaseScriptCaches (0ms)
		RebuildScriptCaches (0ms)
		SetupLoadedEditorAssemblies (271ms)
			LogAssemblyErrors (0ms)
			InitializePlatformSupportModulesInManaged (60ms)
			SetLoadedEditorAssemblies (6ms)
			RefreshPlugins (0ms)
			BeforeProcessingInitializeOnLoad (2ms)
			ProcessInitializeOnLoadAttributes (178ms)
			ProcessInitializeOnLoadMethodAttributes (26ms)
			AfterProcessingInitializeOnLoad (0ms)
			EditorAssembliesLoaded (0ms)
		ExecutionOrderSort2 (0ms)
		AwakeInstancesAfterBackupRestoration (0ms)
========================================================================
Worker process is ready to serve import requests
Caller must complete domain reload
Begin MonoManager ReloadAssembly
Duplicate assembly 'log4net.dll' with different versions detected, using 'Assets/References/log4net.dll, AssemblyName=log4net, Version=2.0.8.0, Culture=neutral, PublicKeyToken=null' and ignoring 'Packages/com.unity.collab-proxy/Lib/Editor/PlasticSCM/log4netPlastic.dll, AssemblyName=log4net, Version=1.2.15.0, Culture=neutral, PublicKeyToken=669e0ddf0bb1aa2a'.Duplicate assembly 'Newtonsoft.Json.dll' with different versions detected, using 'Packages/com.unity.nuget.newtonsoft-json/Runtime/Newtonsoft.Json.dll, AssemblyName=Newtonsoft.Json, Version=13.0.0.0, Culture=neutral, PublicKeyToken=30ad4fe6b2a6aeed' and ignoring 'Assets/JsonDotNet/Assemblies/Standalone/Newtonsoft.Json.dll, AssemblyName=Newtonsoft.Json, Version=8.0.0.0, Culture=neutral, PublicKeyToken=null'.Symbol file LoadedFromMemory is not a mono symbol file
- Loaded All Assemblies, in  1.049 seconds
Native extension for WindowsStandalone target not found
Native extension for iOS target not found
Native extension for WeixinMiniGame target not found
Package Manager log level set to [2]
[Package Manager] Server::EnsureServerProcessIsRunning -- launch failed, reason: Unity was launched with the -noUpm command-line argument
[Package Manager] UpmClient::Send -- Unable to send message (not connected to UPM process).
[Package Manager] Cannot connect to Unity Package Manager local server
Mono: successfully reloaded assembly
- Finished resetting the current domain, in  0.821 seconds
Domain Reload Profiling: 1855ms
	BeginReloadAssembly (278ms)
		ExecutionOrderSort (0ms)
		DisableScriptedObjects (6ms)
		BackupInstance (0ms)
		ReleaseScriptingObjects (0ms)
		CreateAndSetChildDomain (24ms)
	RebuildCommonClasses (43ms)
	RebuildNativeTypeToScriptingClass (13ms)
	initialDomainReloadingComplete (77ms)
	LoadAllAssembliesAndSetupDomain (622ms)
		LoadAssemblies (648ms)
		RebuildTransferFunctionScriptingTraits (0ms)
		AnalyzeDomain (178ms)
			TypeCache.Refresh (158ms)
				TypeCache.ScanAssembly (121ms)
			ScanForSourceGeneratedMonoScriptInfo (16ms)
			ResolveRequiredComponents (3ms)
	FinalizeReload (822ms)
		ReleaseScriptCaches (0ms)
		RebuildScriptCaches (0ms)
		SetupLoadedEditorAssemblies (670ms)
			LogAssemblyErrors (0ms)
			InitializePlatformSupportModulesInManaged (47ms)
			SetLoadedEditorAssemblies (3ms)
			RefreshPlugins (0ms)
			BeforeProcessingInitializeOnLoad (93ms)
			ProcessInitializeOnLoadAttributes (326ms)
			ProcessInitializeOnLoadMethodAttributes (166ms)
			AfterProcessingInitializeOnLoad (35ms)
			EditorAssembliesLoaded (0ms)
		ExecutionOrderSort2 (0ms)
		AwakeInstancesAfterBackupRestoration (9ms)
Refreshing native plugins compatible for Editor in 12.13 ms, found 2 plugins.
Preloading 0 native plugins for Editor in 0.00 ms.
Unloading 2509 Unused Serialized files (Serialized files now loaded: 0)
Unloading 25 unused Assets / (54.8 KB). Loaded Objects now: 3004.
Memory consumption went from 100.9 MB to 100.8 MB.
Total: 8.147400 ms (FindLiveObjects: 0.262300 ms CreateObjectMapping: 0.070500 ms MarkObjects: 7.660200 ms  DeleteObjects: 0.151800 ms)

AssetImportParameters requested are different than current active one (requested -> active):
  custom:video-decoder-webm-vp8: 9c59270c3fd7afecdb556c50c9e8de78 -> 
  custom:SearchIndexIgnoredProperties: e643bd26f0fe6173181afceb89e7c659 -> 
  custom:container-demuxer-ogg: 62fdf1f143b41e24485cea50d1cbac27 -> 
  custom:AudioImporter_EditorPlatform: d09bf68614088b80899f8185d706f6e7 -> 
  custom:video-codec-MediaFoundation-h265: 746d11721c4dcdbdad8f713fa42b33f4 -> 
  custom:video-decoder-ogg-theora: a1e56fd34408186e4bbccfd4996cb3dc -> 
  custom:framework-win-MediaFoundation: 216162199b28c13a410421893ffa2e32 -> 
  custom:video-encoder-webm-vp8: eb34c28f22e8b96e1ab97ce403110664 -> 
  custom:audio-decoder-ogg-vorbis: bf7c407c2cedff20999df2af8eb42d56 -> 
  custom:CustomObjectIndexerAttribute: 299a746012abc5adb0180d4ccda8d3ad -> 
  custom:container-demuxer-webm: 4f35f7cbe854078d1ac9338744f61a02 -> 
  custom:audio-encoder-webm-vorbis: bf7c407c2cedff20999df2af8eb42d56 -> 
  custom:container-muxer-webm: aa71ff27fc2769a1b78a27578f13a17b -> 
========================================================================
Received Import Request.
  Time since last request: 5739.279073 seconds.
  path: Assets/Models/Monsters/M1001/M1001.FBX
  artifactKey: Guid(366b16e027563b5449acfa8808a8effb) Importer(PreviewImporter)
Start importing Assets/Models/Monsters/M1001/M1001.FBX using Guid(366b16e027563b5449acfa8808a8effb) Importer(PreviewImporter) Launched and connected shader compiler TuanjieShaderCompiler.exe after 0.05 seconds
 -> (artifact id: '875e2c61a0e4f865b30ec838ea442396') in 0.548169 seconds
Number of asset objects unloaded after import = 106
========================================================================
Received Import Request.
  Time since last request: 0.000038 seconds.
  path: Assets/Models/Characters/Warrior/fbx/Warrior_Hurt.FBX
  artifactKey: Guid(afafa83bd92f43e4d85623331034690a) Importer(PreviewImporter)
Start importing Assets/Models/Characters/Warrior/fbx/Warrior_Hurt.FBX using Guid(afafa83bd92f43e4d85623331034690a) Importer(PreviewImporter)  -> (artifact id: '735f5e6367c2a34a41d64f9fd94a2063') in 0.045462 seconds
Number of asset objects unloaded after import = 97
========================================================================
Received Import Request.
  Time since last request: 0.000054 seconds.
  path: Assets/Levels/MainCity/Prefabs/other/stsm_other_dunpai_001.prefab
  artifactKey: Guid(a7f86fbfe4fbde948b16fa6b5a882f27) Importer(PreviewImporter)
Start importing Assets/Levels/MainCity/Prefabs/other/stsm_other_dunpai_001.prefab using Guid(a7f86fbfe4fbde948b16fa6b5a882f27) Importer(PreviewImporter)  -> (artifact id: 'a9ed8d51d1124b04a0857cf457cfbb5f') in 0.157116 seconds
Number of asset objects unloaded after import = 9
========================================================================
Received Import Request.
  Time since last request: 0.000048 seconds.
  path: Assets/Levels/CharSelect/Materials/ground01.mat
  artifactKey: Guid(0424c34bba4ccb24296dcb201e5fab3a) Importer(PreviewImporter)
Start importing Assets/Levels/CharSelect/Materials/ground01.mat using Guid(0424c34bba4ccb24296dcb201e5fab3a) Importer(PreviewImporter)  -> (artifact id: 'af877cb8eb9862126239d0a39f3ba833') in 0.165944 seconds
Number of asset objects unloaded after import = 1
========================================================================
Received Import Request.
  Time since last request: 0.000027 seconds.
  path: Assets/UI/Prefabs/InputField.prefab
  artifactKey: Guid(3666ca0b4626c8e4884cb92e30db0da6) Importer(PreviewImporter)
Start importing Assets/UI/Prefabs/InputField.prefab using Guid(3666ca0b4626c8e4884cb92e30db0da6) Importer(PreviewImporter)  -> (artifact id: '967bdb8110c0b2490b214cdc20532d26') in 0.037002 seconds
Number of asset objects unloaded after import = 17
========================================================================
Received Import Request.
  Time since last request: 0.000040 seconds.
  path: Assets/Levels/Map03/Materials/section03_guanka10dimian1_5.mat
  artifactKey: Guid(bf2d0c8adc0c28f4fb38525e099a72e1) Importer(PreviewImporter)
Start importing Assets/Levels/Map03/Materials/section03_guanka10dimian1_5.mat using Guid(bf2d0c8adc0c28f4fb38525e099a72e1) Importer(PreviewImporter)  -> (artifact id: '5f4bdbeb7507bfd31c819afea375c446') in 0.019029 seconds
Number of asset objects unloaded after import = 2
========================================================================
Received Import Request.
  Time since last request: 0.000040 seconds.
  path: Assets/Models/NPCs/DeliveryNPC/DeliveryNPC.FBX
  artifactKey: Guid(ac535640ec6e2fe428b3b8662d0c079f) Importer(PreviewImporter)
Start importing Assets/Models/NPCs/DeliveryNPC/DeliveryNPC.FBX using Guid(ac535640ec6e2fe428b3b8662d0c079f) Importer(PreviewImporter)  -> (artifact id: '0c5c33cea603316cc59ce677e574cc5d') in 0.054397 seconds
Number of asset objects unloaded after import = 98
========================================================================
Received Import Request.
  Time since last request: 0.000027 seconds.
  path: Assets/Levels/MainCity/Prefabs/other/stsm_other_qizi_001.prefab
  artifactKey: Guid(d3152f560583ae641b1ada0fbbd30837) Importer(PreviewImporter)
Start importing Assets/Levels/MainCity/Prefabs/other/stsm_other_qizi_001.prefab using Guid(d3152f560583ae641b1ada0fbbd30837) Importer(PreviewImporter)  -> (artifact id: '764a6f7a80fdad9afaa7bcfc24c1fbe5') in 0.021442 seconds
Number of asset objects unloaded after import = 22
========================================================================
Received Import Request.
  Time since last request: 0.000033 seconds.
  path: Assets/Models/Characters/Warrior/Warrior.FBX
  artifactKey: Guid(def21edb286cffc45a98c9cf4578f185) Importer(PreviewImporter)
Start importing Assets/Models/Characters/Warrior/Warrior.FBX using Guid(def21edb286cffc45a98c9cf4578f185) Importer(PreviewImporter)  -> (artifact id: 'f1573bd701ce7c014797c030de93fa32') in 0.051788 seconds
Number of asset objects unloaded after import = 102
========================================================================
Received Import Request.
  Time since last request: 0.000033 seconds.
  path: Assets/Levels/MainCity/Prefabs/build/stsm_build_penshuichi_001.prefab
  artifactKey: Guid(9de19e1a9ba266e4a8c2d7734f490b57) Importer(PreviewImporter)
Start importing Assets/Levels/MainCity/Prefabs/build/stsm_build_penshuichi_001.prefab using Guid(9de19e1a9ba266e4a8c2d7734f490b57) Importer(PreviewImporter)  -> (artifact id: '1409621e56142b0771b5452de393e523') in 0.141220 seconds
Number of asset objects unloaded after import = 17
========================================================================
Received Import Request.
  Time since last request: 0.000044 seconds.
  path: Assets/Models/Characters/Warrior/fbx/Warrior_SkillA.FBX
  artifactKey: Guid(2dd4524b3c522ce4f833664f4f688a86) Importer(PreviewImporter)
Start importing Assets/Models/Characters/Warrior/fbx/Warrior_SkillA.FBX using Guid(2dd4524b3c522ce4f833664f4f688a86) Importer(PreviewImporter)  -> (artifact id: '777b29dee3e1adf89b9b326cde498b06') in 0.055737 seconds
Number of asset objects unloaded after import = 97
========================================================================
Received Import Request.
  Time since last request: 0.000046 seconds.
  path: Assets/UI/Fonts/SIMYOU.TTF
  artifactKey: Guid(721c2ca643ff25e41ac39cd48714f38e) Importer(PreviewImporter)
Start importing Assets/UI/Fonts/SIMYOU.TTF using Guid(721c2ca643ff25e41ac39cd48714f38e) Importer(PreviewImporter)  -> (artifact id: 'b2a930bae657a5b6e87c582dbdbd5879') in 0.047533 seconds
Number of asset objects unloaded after import = 4
========================================================================
Received Import Request.
  Time since last request: 0.000091 seconds.
  path: Assets/Levels/MainCity/Prefabs/other/stsm_other_gaoshilan_001.prefab
  artifactKey: Guid(03b92761280b5594b850722c5a991a1c) Importer(PreviewImporter)
Start importing Assets/Levels/MainCity/Prefabs/other/stsm_other_gaoshilan_001.prefab using Guid(03b92761280b5594b850722c5a991a1c) Importer(PreviewImporter)  -> (artifact id: 'b9faf56b6ff1174cc7dd8327ec42725c') in 0.020858 seconds
Number of asset objects unloaded after import = 17
========================================================================
Received Import Request.
  Time since last request: 0.000046 seconds.
  path: Assets/Levels/MainCity/Prefabs/build/stsm_build_tiejiangpu_001.prefab
  artifactKey: Guid(5c7e4fdced4289542806e69b412d3bfe) Importer(PreviewImporter)
Start importing Assets/Levels/MainCity/Prefabs/build/stsm_build_tiejiangpu_001.prefab using Guid(5c7e4fdced4289542806e69b412d3bfe) Importer(PreviewImporter)  -> (artifact id: '69cfc14149f7f0b14ffdb88c757722b5') in 0.016939 seconds
Number of asset objects unloaded after import = 9
========================================================================
Received Import Request.
  Time since last request: 0.000024 seconds.
  path: Assets/Levels/MainCity/Prefabs/build/stsm_build_yuantai_001.prefab
  artifactKey: Guid(80717bb593888c14a8c7a656ab6d7723) Importer(PreviewImporter)
Start importing Assets/Levels/MainCity/Prefabs/build/stsm_build_yuantai_001.prefab using Guid(80717bb593888c14a8c7a656ab6d7723) Importer(PreviewImporter)  -> (artifact id: 'b362a430d47ac1cd9ebb2c4a71001de9') in 0.025416 seconds
Number of asset objects unloaded after import = 9
========================================================================
Received Import Request.
  Time since last request: 0.000042 seconds.
  path: Assets/Levels/MainCity/Models/build/Materials/No Name.mat
  artifactKey: Guid(1d09771479c328f41b0748a5c981fa1f) Importer(PreviewImporter)
Start importing Assets/Levels/MainCity/Models/build/Materials/No Name.mat using Guid(1d09771479c328f41b0748a5c981fa1f) Importer(PreviewImporter)  -> (artifact id: '1de3f0ad753ac125580e081d2ad6f238') in 0.017842 seconds
Number of asset objects unloaded after import = 1
========================================================================
Received Import Request.
  Time since last request: 0.000030 seconds.
  path: Assets/Models/Characters/Archer/Material #25.mat
  artifactKey: Guid(5944bf50bf156fd48828eaca29f72fc9) Importer(PreviewImporter)
Start importing Assets/Models/Characters/Archer/Material #25.mat using Guid(5944bf50bf156fd48828eaca29f72fc9) Importer(PreviewImporter)  -> (artifact id: '48a46df6a809fafb817ed9fdcdc914f3') in 0.019154 seconds
Number of asset objects unloaded after import = 2
========================================================================
Received Import Request.
  Time since last request: 0.000038 seconds.
  path: Assets/Levels/MainCity/Prefabs/player.prefab
  artifactKey: Guid(0d3ecc72d9e7cb240b4e70aa5c460a3c) Importer(PreviewImporter)
Start importing Assets/Levels/MainCity/Prefabs/player.prefab using Guid(0d3ecc72d9e7cb240b4e70aa5c460a3c) Importer(PreviewImporter)  -> (artifact id: '1e711bc47d1deed6a8d7574ee8db1f50') in 0.048901 seconds
Number of asset objects unloaded after import = 11
========================================================================
Received Import Request.
  Time since last request: 0.000056 seconds.
  path: Assets/Levels/Map03/Materials/common_city_tianshi.mat
  artifactKey: Guid(710e2863a4ddc074189cd569fc17b2b4) Importer(PreviewImporter)
Start importing Assets/Levels/Map03/Materials/common_city_tianshi.mat using Guid(710e2863a4ddc074189cd569fc17b2b4) Importer(PreviewImporter)  -> (artifact id: 'fe58874622f1e229af7c1432da8eb8c1') in 0.018021 seconds
Number of asset objects unloaded after import = 2
========================================================================
Received Import Request.
  Time since last request: 0.000042 seconds.
  path: Assets/Levels/MainCity/Models/other/Materials/No Name.mat
  artifactKey: Guid(09af20eff06ef1a4480de6c7c9918fc5) Importer(PreviewImporter)
Start importing Assets/Levels/MainCity/Models/other/Materials/No Name.mat using Guid(09af20eff06ef1a4480de6c7c9918fc5) Importer(PreviewImporter)  -> (artifact id: 'f1c8e328f221803f1e8e6845b560362e') in 0.010694 seconds
Number of asset objects unloaded after import = 1
========================================================================
Received Import Request.
  Time since last request: 0.000041 seconds.
  path: Assets/Models/NPCs/Treasure_redmob/treasure_redmob.FBX
  artifactKey: Guid(6f6adddeb4fb3374dadf2086fdfcaf4d) Importer(PreviewImporter)
Start importing Assets/Models/NPCs/Treasure_redmob/treasure_redmob.FBX using Guid(6f6adddeb4fb3374dadf2086fdfcaf4d) Importer(PreviewImporter)  -> (artifact id: '3c9a53c87e012fcd745a201d3ec57985') in 0.062165 seconds
Number of asset objects unloaded after import = 138
========================================================================
Received Import Request.
  Time since last request: 0.000044 seconds.
  path: Assets/UI/Prefabs/Dialog.prefab
  artifactKey: Guid(eda90b3bdeb00ca40a07c428284a841c) Importer(PreviewImporter)
Start importing Assets/UI/Prefabs/Dialog.prefab using Guid(eda90b3bdeb00ca40a07c428284a841c) Importer(PreviewImporter)  -> (artifact id: 'f8122d2feead4fa265d86645700e1ef6') in 0.021245 seconds
Number of asset objects unloaded after import = 43
========================================================================
Received Import Request.
  Time since last request: 0.000056 seconds.
  path: Assets/Models/Characters/Warrior/fbx/Warrior_Standby.FBX
  artifactKey: Guid(a1f94dd631a970f409175f24851fb5a0) Importer(PreviewImporter)
Start importing Assets/Models/Characters/Warrior/fbx/Warrior_Standby.FBX using Guid(a1f94dd631a970f409175f24851fb5a0) Importer(PreviewImporter)  -> (artifact id: 'a71f3cdc7bacb9dd5443db30f6628ebc') in 0.044890 seconds
Number of asset objects unloaded after import = 97
========================================================================
Received Import Request.
  Time since last request: 0.000033 seconds.
  path: Assets/Models/NPCs/Treasure_kingskull/fbx/treasure_kingskull_SkillB.FBX
  artifactKey: Guid(49c61601b33d7c141bf0fb2f357950e9) Importer(PreviewImporter)
Start importing Assets/Models/NPCs/Treasure_kingskull/fbx/treasure_kingskull_SkillB.FBX using Guid(49c61601b33d7c141bf0fb2f357950e9) Importer(PreviewImporter)  -> (artifact id: 'd6b60762d52ac38c5f456ae5dc03981e') in 0.043664 seconds
Number of asset objects unloaded after import = 139
========================================================================
Received Import Request.
  Time since last request: 0.000037 seconds.
  path: Assets/Models/Characters/Warrior/fbx/Warrior_Damage.FBX
  artifactKey: Guid(a81d10b2c8aded54b8af9c8a90e9901d) Importer(PreviewImporter)
Start importing Assets/Models/Characters/Warrior/fbx/Warrior_Damage.FBX using Guid(a81d10b2c8aded54b8af9c8a90e9901d) Importer(PreviewImporter)  -> (artifact id: '75d9fdda230d5027226f6d6411c250fd') in 0.055973 seconds
Number of asset objects unloaded after import = 97
========================================================================
Received Import Request.
  Time since last request: 0.000040 seconds.
  path: Assets/Levels/Map03/Prefabs/section03_guanka16_b.prefab
  artifactKey: Guid(6010d380f718ead4aa8c27c249f3e159) Importer(PreviewImporter)
Start importing Assets/Levels/Map03/Prefabs/section03_guanka16_b.prefab using Guid(6010d380f718ead4aa8c27c249f3e159) Importer(PreviewImporter)  -> (artifact id: '25fc837174651d85e6ebcfb52a1c55a9') in 0.038016 seconds
Number of asset objects unloaded after import = 23
========================================================================
Received Import Request.
  Time since last request: 0.000137 seconds.
  path: Assets/Levels/MainCity/Models/other/Materials/mache.mat
  artifactKey: Guid(d6d6363059971f44bac140001a0ac37d) Importer(PreviewImporter)
Start importing Assets/Levels/MainCity/Models/other/Materials/mache.mat using Guid(d6d6363059971f44bac140001a0ac37d) Importer(PreviewImporter)  -> (artifact id: '4994f0cf97407eff06870b72dee4df42') in 0.109106 seconds
Number of asset objects unloaded after import = 2
========================================================================
Received Import Request.
  Time since last request: 0.000040 seconds.
  path: Assets/Levels/MainCity/Prefabs/build/stsm_build_chengqiang_001.prefab
  artifactKey: Guid(19b06bb0369694a479d13ba09f9d7821) Importer(PreviewImporter)
Start importing Assets/Levels/MainCity/Prefabs/build/stsm_build_chengqiang_001.prefab using Guid(19b06bb0369694a479d13ba09f9d7821) Importer(PreviewImporter)  -> (artifact id: '3eba0bd3bbe9c7f5f9d531aee1cd9d70') in 0.022601 seconds
Number of asset objects unloaded after import = 9
========================================================================
Received Import Request.
  Time since last request: 0.000034 seconds.
  path: Assets/Levels/MainCity/Prefabs/effect/effect.prefab
  artifactKey: Guid(e0c07f10b46b43e4f902e09f6583a14d) Importer(PreviewImporter)
Start importing Assets/Levels/MainCity/Prefabs/effect/effect.prefab using Guid(e0c07f10b46b43e4f902e09f6583a14d) Importer(PreviewImporter)  -> (artifact id: '30a6cc11a22135395046274dbbf69d0c') in 0.045561 seconds
Number of asset objects unloaded after import = 23
========================================================================
Received Import Request.
  Time since last request: 8.875985 seconds.
  path: Assets/Levels/Loading.unity
  artifactKey: Guid(73c87c17996e52b4aa4fe7606bd64776) Importer(PreviewImporter)
Start importing Assets/Levels/Loading.unity using Guid(73c87c17996e52b4aa4fe7606bd64776) Importer(PreviewImporter)  -> (artifact id: '698c25fb1b40c39f5a4e8f4f39eceeea') in 0.000720 seconds
Number of asset objects unloaded after import = 0
